Archive member included because of file (symbol)

/Users/orviwan/Library/Application Support/Pebble SDK/SDKs/current/sdk-core/pebble/aplite/lib/libpebble.a(tmpVne7C1pebble.o)
                              src/unobstructed-area.c.37.o (app_event_loop)

Discarded input sections

 .text          0x0000000000000000        0x0 /usr/local/Cellar/pebble-toolchain/2.0/arm-cs-tools/bin/../lib/gcc/arm-none-eabi/4.7.2/thumb2/crti.o
 .bss           0x0000000000000000        0x0 /usr/local/Cellar/pebble-toolchain/2.0/arm-cs-tools/bin/../lib/gcc/arm-none-eabi/4.7.2/thumb2/crti.o
 .init          0x0000000000000000        0x4 /usr/local/Cellar/pebble-toolchain/2.0/arm-cs-tools/bin/../lib/gcc/arm-none-eabi/4.7.2/thumb2/crti.o
 .fini          0x0000000000000000        0x4 /usr/local/Cellar/pebble-toolchain/2.0/arm-cs-tools/bin/../lib/gcc/arm-none-eabi/4.7.2/thumb2/crti.o
 .text          0x0000000000000000       0xc8 /usr/local/Cellar/pebble-toolchain/2.0/arm-cs-tools/bin/../lib/gcc/arm-none-eabi/4.7.2/thumb2/crtbegin.o
 .bss           0x0000000000000000       0x1c /usr/local/Cellar/pebble-toolchain/2.0/arm-cs-tools/bin/../lib/gcc/arm-none-eabi/4.7.2/thumb2/crtbegin.o
 .init_array    0x0000000000000000        0x4 /usr/local/Cellar/pebble-toolchain/2.0/arm-cs-tools/bin/../lib/gcc/arm-none-eabi/4.7.2/thumb2/crtbegin.o
 .fini_array    0x0000000000000000        0x4 /usr/local/Cellar/pebble-toolchain/2.0/arm-cs-tools/bin/../lib/gcc/arm-none-eabi/4.7.2/thumb2/crtbegin.o
 .eh_frame      0x0000000000000000        0x0 /usr/local/Cellar/pebble-toolchain/2.0/arm-cs-tools/bin/../lib/gcc/arm-none-eabi/4.7.2/thumb2/crtbegin.o
 .jcr           0x0000000000000000        0x0 /usr/local/Cellar/pebble-toolchain/2.0/arm-cs-tools/bin/../lib/gcc/arm-none-eabi/4.7.2/thumb2/crtbegin.o
 .tm_clone_table
                0x0000000000000000        0x0 /usr/local/Cellar/pebble-toolchain/2.0/arm-cs-tools/bin/../lib/gcc/arm-none-eabi/4.7.2/thumb2/crtbegin.o
 .text          0x0000000000000000        0x0 src/unobstructed-area.c.37.o
 .bss           0x0000000000000000        0x0 src/unobstructed-area.c.37.o
 .text          0x0000000000000000        0x0 aplite/appinfo.auto.c.37.o
 .bss           0x0000000000000000        0x0 aplite/appinfo.auto.c.37.o
 .text          0x0000000000000000        0x0 aplite/src/resource_ids.auto.c.37.o
 .bss           0x0000000000000000        0x0 aplite/src/resource_ids.auto.c.37.o
 .text          0x0000000000000000        0x0 src/message_keys.auto.c.37.o
 .bss           0x0000000000000000        0x0 src/message_keys.auto.c.37.o
 .data.MESSAGE_KEY_dummy
                0x0000000000000000        0x4 src/message_keys.auto.c.37.o
 .bss           0x0000000000000000        0x0 /Users/orviwan/Library/Application Support/Pebble SDK/SDKs/current/sdk-core/pebble/aplite/lib/libpebble.a(tmpVne7C1pebble.o)
 .text.accel_data_service_subscribe__deprecated
                0x0000000000000000        0xc /Users/orviwan/Library/Application Support/Pebble SDK/SDKs/current/sdk-core/pebble/aplite/lib/libpebble.a(tmpVne7C1pebble.o)
 .text.accel_data_service_unsubscribe
                0x0000000000000000        0xc /Users/orviwan/Library/Application Support/Pebble SDK/SDKs/current/sdk-core/pebble/aplite/lib/libpebble.a(tmpVne7C1pebble.o)
 .text.accel_service_peek
                0x0000000000000000        0xc /Users/orviwan/Library/Application Support/Pebble SDK/SDKs/current/sdk-core/pebble/aplite/lib/libpebble.a(tmpVne7C1pebble.o)
 .text.accel_service_set_samples_per_update
                0x0000000000000000        0xc /Users/orviwan/Library/Application Support/Pebble SDK/SDKs/current/sdk-core/pebble/aplite/lib/libpebble.a(tmpVne7C1pebble.o)
 .text.accel_service_set_sampling_rate
                0x0000000000000000        0xc /Users/orviwan/Library/Application Support/Pebble SDK/SDKs/current/sdk-core/pebble/aplite/lib/libpebble.a(tmpVne7C1pebble.o)
 .text.accel_tap_service_subscribe
                0x0000000000000000        0xc /Users/orviwan/Library/Application Support/Pebble SDK/SDKs/current/sdk-core/pebble/aplite/lib/libpebble.a(tmpVne7C1pebble.o)
 .text.accel_tap_service_unsubscribe
                0x0000000000000000        0xc /Users/orviwan/Library/Application Support/Pebble SDK/SDKs/current/sdk-core/pebble/aplite/lib/libpebble.a(tmpVne7C1pebble.o)
 .text.action_bar_layer_legacy2_add_to_window
                0x0000000000000000        0xc /Users/orviwan/Library/Application Support/Pebble SDK/SDKs/current/sdk-core/pebble/aplite/lib/libpebble.a(tmpVne7C1pebble.o)
 .text.action_bar_layer_legacy2_clear_icon
                0x0000000000000000        0xc /Users/orviwan/Library/Application Support/Pebble SDK/SDKs/current/sdk-core/pebble/aplite/lib/libpebble.a(tmpVne7C1pebble.o)
 .text.action_bar_layer_legacy2_create
                0x0000000000000000        0xc /Users/orviwan/Library/Application Support/Pebble SDK/SDKs/current/sdk-core/pebble/aplite/lib/libpebble.a(tmpVne7C1pebble.o)
 .text.action_bar_layer_legacy2_destroy
[...]
Memory Configuration

Name             Origin             Length             Attributes
APP              0x0000000000000000 0x0000000000006000 xrw
*default*        0x0000000000000000 0xffffffffffffffff

Linker script and memory map

LOAD /usr/local/Cellar/pebble-toolchain/2.0/arm-cs-tools/bin/../lib/gcc/arm-none-eabi/4.7.2/thumb2/crti.o
LOAD /usr/local/Cellar/pebble-toolchain/2.0/arm-cs-tools/bin/../lib/gcc/arm-none-eabi/4.7.2/thumb2/crtbegin.o
LOAD src/unobstructed-area.c.37.o
LOAD aplite/appinfo.auto.c.37.o
LOAD aplite/src/resource_ids.auto.c.37.o
LOAD src/message_keys.auto.c.37.o
LOAD /Users/orviwan/Library/Application Support/Pebble SDK/SDKs/current/sdk-core/pebble/aplite/lib/libpebble.a
START GROUP
LOAD /usr/local/Cellar/pebble-toolchain/2.0/arm-cs-tools/bin/../lib/gcc/arm-none-eabi/4.7.2/thumb2/libgcc.a
LOAD /usr/local/Cellar/pebble-toolchain/2.0/arm-cs-tools/bin/../lib/gcc/arm-none-eabi/4.7.2/../../../../arm-none-eabi/lib/thumb2/libc.a
END GROUP
LOAD /usr/local/Cellar/pebble-toolchain/2.0/arm-cs-tools/bin/../lib/gcc/arm-none-eabi/4.7.2/thumb2/crtend.o
LOAD /usr/local/Cellar/pebble-toolchain/2.0/arm-cs-tools/bin/../lib/gcc/arm-none-eabi/4.7.2/thumb2/crtn.o

.header         0x0000000000000000       0x82
 *(.pbl_header)
 .pbl_header    0x0000000000000000       0x82 aplite/appinfo.auto.c.37.o
                0x0000000000000000                __pbl_app_info

.note.gnu.build-id
                0x0000000000000082       0x26
                0x0000000000000082                PROVIDE (BUILD_ID, .)
 *(.note.gnu.build-id)
 *fill*         0x0000000000000082        0x2 
 .note.gnu.build-id
                0x0000000000000084       0x24 linker stubs

.text           0x00000000000000a8      0x2ad
 *(.text)
 .text          0x00000000000000a8       0x14 /Users/orviwan/Library/Application Support/Pebble SDK/SDKs/current/sdk-core/pebble/aplite/lib/libpebble.a(tmpVne7C1pebble.o)
 *(.text.*)
 .text.prv_main_window_unload
                0x00000000000000bc       0x10 src/unobstructed-area.c.37.o
 .text.prv_main_window_load
                0x00000000000000cc      0x104 src/unobstructed-area.c.37.o
 .text.startup.main
                0x00000000000001d0       0x60 src/unobstructed-area.c.37.o
                0x00000000000001d0                main
 .text.app_event_loop
                0x0000000000000230        0xc /Users/orviwan/Library/Application Support/Pebble SDK/SDKs/current/sdk-core/pebble/aplite/lib/libpebble.a(tmpVne7C1pebble.o)
                0x0000000000000230                app_event_loop
 .text.app_log  0x000000000000023c        0xc /Users/orviwan/Library/Application Support/Pebble SDK/SDKs/current/sdk-core/pebble/aplite/lib/libpebble.a(tmpVne7C1pebble.o)
                0x000000000000023c                app_log
 .text.grect_equal
                0x0000000000000248        0xc /Users/orviwan/Library/Application Support/Pebble SDK/SDKs/current/sdk-core/pebble/aplite/lib/libpebble.a(tmpVne7C1pebble.o)
                0x0000000000000248                grect_equal
 .text.layer_add_child
                0x0000000000000254        0xc /Users/orviwan/Library/Application Support/Pebble SDK/SDKs/current/sdk-core/pebble/aplite/lib/libpebble.a(tmpVne7C1pebble.o)
                0x0000000000000254                layer_add_child
 .text.layer_get_bounds
                0x0000000000000260        0xc /Users/orviwan/Library/Application Support/Pebble SDK/SDKs/current/sdk-core/pebble/aplite/lib/libpebble.a(tmpVne7C1pebble.o)
                0x0000000000000260                layer_get_bounds
 .text.memset   0x000000000000026c        0xc /Users/orviwan/Library/Application Support/Pebble SDK/SDKs/current/sdk-core/pebble/aplite/lib/libpebble.a(tmpVne7C1pebble.o)
                0x000000000000026c                memset
 .text.window_create
                0x0000000000000278        0xc /Users/orviwan/Library/Application Support/Pebble SDK/SDKs/current/sdk-core/pebble/aplite/lib/libpebble.a(tmpVne7C1pebble.o)
                0x0000000000000278                window_create
 .text.window_destroy
                0x0000000000000284        0xc /Users/orviwan/Library/Application Support/Pebble SDK/SDKs/current/sdk-core/pebble/aplite/lib/libpebble.a(tmpVne7C1pebble.o)
                0x0000000000000284                window_destroy
 .text.window_get_root_layer
                0x0000000000000290        0xc /Users/orviwan/Library/Application Support/Pebble SDK/SDKs/current/sdk-core/pebble/aplite/lib/libpebble.a(tmpVne7C1pebble.o)
                0x0000000000000290                window_get_root_layer
 .text.window_set_window_handlers
                0x000000000000029c        0xc /Users/orviwan/Library/Application Support/Pebble SDK/SDKs/current/sdk-core/pebble/aplite/lib/libpebble.a(tmpVne7C1pebble.o)
                0x000000000000029c                window_set_window_handlers
 .text.window_stack_push
                0x00000000000002a8        0xc /Users/orviwan/Library/Application Support/Pebble SDK/SDKs/current/sdk-core/pebble/aplite/lib/libpebble.a(tmpVne7C1pebble.o)
                0x00000000000002a8                window_stack_push
 .text.window_set_background_color
                0x00000000000002b4        0xc /Users/orviwan/Library/Application Support/Pebble SDK/SDKs/current/sdk-core/pebble/aplite/lib/libpebble.a(tmpVne7C1pebble.o)
                0x00000000000002b4                window_set_background_color
 .text.text_layer_create
                0x00000000000002c0        0xc /Users/orviwan/Library/Application Support/Pebble SDK/SDKs/current/sdk-core/pebble/aplite/lib/libpebble.a(tmpVne7C1pebble.o)
                0x00000000000002c0                text_layer_create
 .text.text_layer_destroy
                0x00000000000002cc        0xc /Users/orviwan/Library/Application Support/Pebble SDK/SDKs/current/sdk-core/pebble/aplite/lib/libpebble.a(tmpVne7C1pebble.o)
                0x00000000000002cc                text_layer_destroy
 .text.text_layer_get_layer
                0x00000000000002d8        0xc /Users/orviwan/Library/Application Support/Pebble SDK/SDKs/current/sdk-core/pebble/aplite/lib/libpebble.a(tmpVne7C1pebble.o)
                0x00000000000002d8                text_layer_get_layer
 .text.text_layer_set_background_color
                0x00000000000002e4        0xc /Users/orviwan/Library/Application Support/Pebble SDK/SDKs/current/sdk-core/pebble/aplite/lib/libpebble.a(tmpVne7C1pebble.o)
                0x00000000000002e4                text_layer_set_background_color
 .text.text_layer_set_text
                0x00000000000002f0        0xc /Users/orviwan/Library/Application Support/Pebble SDK/SDKs/current/sdk-core/pebble/aplite/lib/libpebble.a(tmpVne7C1pebble.o)
                0x00000000000002f0                text_layer_set_text
 .text.text_layer_set_text_alignment
                0x00000000000002fc        0xc /Users/orviwan/Library/Application Support/Pebble SDK/SDKs/current/sdk-core/pebble/aplite/lib/libpebble.a(tmpVne7C1pebble.o)
                0x00000000000002fc                text_layer_set_text_alignment
 .text.text_layer_set_text_color
                0x0000000000000308        0xc /Users/orviwan/Library/Application Support/Pebble SDK/SDKs/current/sdk-core/pebble/aplite/lib/libpebble.a(tmpVne7C1pebble.o)
                0x0000000000000308                text_layer_set_text_color
 *(.rodata)
 *(.rodata*)
 .rodata.str1.1
                0x0000000000000314       0x41 src/unobstructed-area.c.37.o

.glue_7         0x0000000000000358        0x0
 .glue_7        0x0000000000000000        0x0 linker stubs

.glue_7t        0x0000000000000358        0x0
 .glue_7t       0x0000000000000000        0x0 linker stubs

.vfp11_veneer   0x0000000000000358        0x0
 .vfp11_veneer  0x0000000000000000        0x0 linker stubs

.v4_bx          0x0000000000000358        0x0
 .v4_bx         0x0000000000000000        0x0 linker stubs

.iplt           0x0000000000000358        0x0
 .iplt          0x0000000000000000        0x0 /usr/local/Cellar/pebble-toolchain/2.0/arm-cs-tools/bin/../lib/gcc/arm-none-eabi/4.7.2/thumb2/crtbegin.o

.rel.dyn        0x0000000000000358        0x0
 .rel.iplt      0x0000000000000000        0x0 /usr/local/Cellar/pebble-toolchain/2.0/arm-cs-tools/bin/../lib/gcc/arm-none-eabi/4.7.2/thumb2/crtbegin.o

.data           0x0000000000000358        0x4
 *(.data)
 .data          0x0000000000000358        0x0 /usr/local/Cellar/pebble-toolchain/2.0/arm-cs-tools/bin/../lib/gcc/arm-none-eabi/4.7.2/thumb2/crti.o
 .data          0x0000000000000358        0x4 /usr/local/Cellar/pebble-toolchain/2.0/arm-cs-tools/bin/../lib/gcc/arm-none-eabi/4.7.2/thumb2/crtbegin.o
                0x0000000000000358                __dso_handle
 .data          0x000000000000035c        0x0 src/unobstructed-area.c.37.o
 .data          0x000000000000035c        0x0 aplite/appinfo.auto.c.37.o
 .data          0x000000000000035c        0x0 aplite/src/resource_ids.auto.c.37.o
 .data          0x000000000000035c        0x0 src/message_keys.auto.c.37.o
 .data          0x000000000000035c        0x0 /Users/orviwan/Library/Application Support/Pebble SDK/SDKs/current/sdk-core/pebble/aplite/lib/libpebble.a(tmpVne7C1pebble.o)
 .data          0x000000000000035c        0x0 /usr/local/Cellar/pebble-toolchain/2.0/arm-cs-tools/bin/../lib/gcc/arm-none-eabi/4.7.2/thumb2/crtend.o
 .data          0x000000000000035c        0x0 /usr/local/Cellar/pebble-toolchain/2.0/arm-cs-tools/bin/../lib/gcc/arm-none-eabi/4.7.2/thumb2/crtn.o
 *(.data.*)

.igot.plt       0x000000000000035c        0x0
 .igot.plt      0x0000000000000000        0x0 /usr/local/Cellar/pebble-toolchain/2.0/arm-cs-tools/bin/../lib/gcc/arm-none-eabi/4.7.2/thumb2/crtbegin.o

.bss            0x000000000000035c       0x10
 *(.bss)
 *(.bss.*)
 .bss.s_text_layer
                0x000000000000035c        0x4 src/unobstructed-area.c.37.o
 .bss.s_screen_is_obstructed
                0x0000000000000360        0x1 src/unobstructed-area.c.37.o
 *fill*         0x0000000000000361        0x3 
 .bss.s_window_layer
                0x0000000000000364        0x4 src/unobstructed-area.c.37.o
 .bss.s_main_window
                0x0000000000000368        0x4 src/unobstructed-area.c.37.o

DISCARD
 libc.a(*)
 libm.a(*)
 libgcc.a(*)
 *(.eh_frame)
OUTPUT(/Users/orviwan/Pebble/tmp/unobstructed-area-example/build/aplite/pebble-app.elf elf32-littlearm)

.ARM.attributes
                0x0000000000000000       0x27
 .ARM.attributes
                0x0000000000000000       0x19 /usr/local/Cellar/pebble-toolchain/2.0/arm-cs-tools/bin/../lib/gcc/arm-none-eabi/4.7.2/thumb2/crti.o
 .ARM.attributes
                0x0000000000000019       0x29 /usr/local/Cellar/pebble-toolchain/2.0/arm-cs-tools/bin/../lib/gcc/arm-none-eabi/4.7.2/thumb2/crtbegin.o
 .ARM.attributes
                0x0000000000000042       0x33 src/unobstructed-area.c.37.o
 .ARM.attributes
                0x0000000000000075       0x33 aplite/appinfo.auto.c.37.o
 .ARM.attributes
                0x00000000000000a8       0x33 aplite/src/resource_ids.auto.c.37.o
 .ARM.attributes
                0x00000000000000db       0x33 src/message_keys.auto.c.37.o
 .ARM.attributes
                0x000000000000010e       0x21 /Users/orviwan/Library/Application Support/Pebble SDK/SDKs/current/sdk-core/pebble/aplite/lib/libpebble.a(tmpVne7C1pebble.o)
 .ARM.attributes
                0x000000000000012f       0x29 /usr/local/Cellar/pebble-toolchain/2.0/arm-cs-tools/bin/../lib/gcc/arm-none-eabi/4.7.2/thumb2/crtend.o
 .ARM.attributes
                0x0000000000000158       0x19 /usr/local/Cellar/pebble-toolchain/2.0/arm-cs-tools/bin/../lib/gcc/arm-none-eabi/4.7.2/thumb2/crtn.o

.comment        0x0000000000000000       0x4e
 .comment       0x0000000000000000       0x4e /usr/local/Cellar/pebble-toolchain/2.0/arm-cs-tools/bin/../lib/gcc/arm-none-eabi/4.7.2/thumb2/crtbegin.o
                                         0x4f (size before relaxing)
 .comment       0x0000000000000000       0x4f src/unobstructed-area.c.37.o
 .comment       0x0000000000000000       0x4f aplite/appinfo.auto.c.37.o
 .comment       0x0000000000000000       0x4f aplite/src/resource_ids.auto.c.37.o
 .comment       0x0000000000000000       0x4f src/message_keys.auto.c.37.o
 .comment       0x0000000000000000       0x4f /usr/local/Cellar/pebble-toolchain/2.0/arm-cs-tools/bin/../lib/gcc/arm-none-eabi/4.7.2/thumb2/crtend.o

.debug_info     0x0000000000000000      0xc43
 .debug_info    0x0000000000000000      0x84b src/unobstructed-area.c.37.o
 .debug_info    0x000000000000084b      0x313 aplite/appinfo.auto.c.37.o
 .debug_info    0x0000000000000b5e       0x64 aplite/src/resource_ids.auto.c.37.o
 .debug_info    0x0000000000000bc2       0x81 src/message_keys.auto.c.37.o

.debug_abbrev   0x0000000000000000      0x35a
 .debug_abbrev  0x0000000000000000      0x252 src/unobstructed-area.c.37.o
 .debug_abbrev  0x0000000000000252       0x9e aplite/appinfo.auto.c.37.o
 .debug_abbrev  0x00000000000002f0       0x26 aplite/src/resource_ids.auto.c.37.o
 .debug_abbrev  0x0000000000000316       0x44 src/message_keys.auto.c.37.o

.debug_loc      0x0000000000000000       0x9a
 .debug_loc     0x0000000000000000       0x9a src/unobstructed-area.c.37.o

.debug_aranges  0x0000000000000000       0x78
 .debug_aranges
                0x0000000000000000       0x30 src/unobstructed-area.c.37.o
 .debug_aranges
                0x0000000000000030       0x18 aplite/appinfo.auto.c.37.o
 .debug_aranges
                0x0000000000000048       0x18 aplite/src/resource_ids.auto.c.37.o
 .debug_aranges
                0x0000000000000060       0x18 src/message_keys.auto.c.37.o

.debug_ranges   0x0000000000000000       0x20
 .debug_ranges  0x0000000000000000       0x20 src/unobstructed-area.c.37.o

.debug_line     0x0000000000000000      0x399
 .debug_line    0x0000000000000000      0x189 src/unobstructed-area.c.37.o
 .debug_line    0x0000000000000189      0x136 aplite/appinfo.auto.c.37.o
 .debug_line    0x00000000000002bf       0x1d aplite/src/resource_ids.auto.c.37.o
 .debug_line    0x00000000000002dc       0xbd src/message_keys.auto.c.37.o

.debug_str      0x0000000000000000      0x723
 .debug_str     0x0000000000000000      0x4af src/unobstructed-area.c.37.o
                                        0x538 (size before relaxing)
 .debug_str     0x00000000000004af      0x22b aplite/appinfo.auto.c.37.o
                                        0x30b (size before relaxing)
 .debug_str     0x00000000000006da       0x1f aplite/src/resource_ids.auto.c.37.o
                                         0xe9 (size before relaxing)
 .debug_str     0x00000000000006f9       0x2a src/message_keys.auto.c.37.o
                                         0xfd (size before relaxing)

.debug_frame    0x0000000000000000       0x5c
 .debug_frame   0x0000000000000000       0x5c src/unobstructed-area.c.37.o
